V "4.6.0.0 Dec 18 2017"
R
U 0
U 0
U 0
U 0
C 340
R
U 0
U 0
U 0
U 0
C 340
R
C 341
M "SimpleExample"
R
P 0
C 7
= 0x7fe3942a7bc8
R
P 0x7fe3942a7bc8
U 3
C 327
R
P 0x7fe3942a7bc8
C 337
R
P 0x7fe3942a7bc8
C 8
R
C 3
= 0x7fe3942cb8e8
R
P 0x7fe3942cb8e8
S "model"
S "true"
C 5
R
P 0x7fe3942cb8e8
C 7
= 0x7fe3942a7bc8
R
P 0x7fe3942cb8e8
C 4
R
P 0x7fe3942a7bc8
U 3
C 327
R
P 0x7fe3942a7bc8
C 337
M "EvalExample1"
R
P 0x7fe3942a7bc8
C 33
= 0x7fe3942a98a8
R
P 0x7fe3942a7bc8
C 337
R
P 0x7fe3942a7bc8
P 0x7fe3942a98a8
C 255
R
P 0x7fe3942a7bc8
C 337
R
P 0x7fe3942a7bc8
P 0x7fe3942a98a8
C 9
R
P 0x7fe3942a7bc8
C 337
R
P 0x7fe3942a7bc8
S "x"
C 30
R
P 0x7fe3942a7bc8
C 337
R
P 0x7fe3942a7bc8
$ |x|
C 200
R
P 0x7fe3942a7bc8
C 337
R
P 0x7fe3942a7bc8
$ |x|
P 0x7fe3942a98a8
C 51
= 0x7fe3942aa1c8
R
P 0x7fe3942a7bc8
C 337
R
P 0x7fe3942a7bc8
P 0x7fe3942aa1c8
C 255
R
P 0x7fe3942a7bc8
C 337
R
P 0x7fe3942a7bc8
P 0x7fe3942aa1c8
C 252
= 0x7fe3942a98a8
R
P 0x7fe3942a7bc8
C 337
R
P 0x7fe3942a7bc8
P 0x7fe3942a98a8
C 207
R
P 0x7fe3942a7bc8
C 337
R
P 0x7fe3942a7bc8
P 0x7fe3942aa1c8
C 258
R
P 0x7fe3942a7bc8
C 337
R
P 0x7fe3942a7bc8
P 0x7fe3942aa1c8
C 257
R
P 0x7fe3942a7bc8
C 337
R
P 0x7fe3942a7bc8
P 0x7fe3942aa1c8
C 256
R
P 0x7fe3942a7bc8
C 337
R
P 0x7fe3942a7bc8
P 0x7fe3942aa1c8
C 9
R
P 0x7fe3942a7bc8
C 337
R
P 0x7fe3942a7bc8
S "y"
C 30
R
P 0x7fe3942a7bc8
C 337
R
P 0x7fe3942a7bc8
$ |y|
C 200
R
P 0x7fe3942a7bc8
C 337
R
P 0x7fe3942a7bc8
$ |y|
P 0x7fe3942a98a8
C 51
= 0x7fe3942aa1e8
R
P 0x7fe3942a7bc8
C 337
R
P 0x7fe3942a7bc8
P 0x7fe3942aa1e8
C 255
R
P 0x7fe3942a7bc8
C 337
R
P 0x7fe3942a7bc8
P 0x7fe3942aa1e8
C 252
= 0x7fe3942a98a8
R
P 0x7fe3942a7bc8
C 337
R
P 0x7fe3942a7bc8
P 0x7fe3942a98a8
C 207
R
P 0x7fe3942a7bc8
C 337
R
P 0x7fe3942a7bc8
P 0x7fe3942aa1e8
C 258
R
P 0x7fe3942a7bc8
C 337
R
P 0x7fe3942a7bc8
P 0x7fe3942aa1e8
C 257
R
P 0x7fe3942a7bc8
C 337
R
P 0x7fe3942a7bc8
P 0x7fe3942aa1e8
C 256
R
P 0x7fe3942a7bc8
C 337
R
P 0x7fe3942a7bc8
P 0x7fe3942aa1e8
C 9
R
P 0x7fe3942a7bc8
C 337
R
P 0x7fe3942a7bc8
I 2
P 0x7fe3942a98a8
C 150
= 0x7fe3942aa208
R
P 0x7fe3942a7bc8
C 337
R
P 0x7fe3942a7bc8
P 0x7fe3942aa208
C 256
R
P 0x7fe3942a7bc8
C 337
R
P 0x7fe3942a7bc8
P 0x7fe3942aa208
C 9
R
P 0x7fe3942a7bc8
C 337
R
P 0x7fe3942a7bc8
C 406
= 0x7fe3942a9018
R
P 0x7fe3942a7bc8
C 337
R
P 0x7fe3942a7bc8
P 0x7fe3942a9018
C 414
R
P 0x7fe3942a7bc8
C 337
R
P 0x7fe3942a7bc8
P 0x7fe3942aa1c8
P 0x7fe3942aa1e8
C 73
= 0x7fe3942b02e0
R
P 0x7fe3942a7bc8
C 337
R
P 0x7fe3942a7bc8
P 0x7fe3942b02e0
C 256
R
P 0x7fe3942a7bc8
C 337
R
P 0x7fe3942a7bc8
P 0x7fe3942b02e0
C 9
R
P 0x7fe3942a7bc8
C 337
R
P 0x7fe3942a7bc8
P 0x7fe3942a9018
P 0x7fe3942b02e0
C 420
R
P 0x7fe3942a7bc8
C 337
R
P 0x7fe3942a7bc8
P 0x7fe3942aa1c8
P 0x7fe3942aa208
C 75
= 0x7fe3942b0350
R
P 0x7fe3942a7bc8
C 337
R
P 0x7fe3942a7bc8
P 0x7fe3942b0350
C 256
R
P 0x7fe3942a7bc8
C 337
R
P 0x7fe3942a7bc8
P 0x7fe3942b0350
C 9
R
P 0x7fe3942a7bc8
C 337
R
P 0x7fe3942a7bc8
P 0x7fe3942a9018
P 0x7fe3942b0350
C 420
R
P 0x7fe3942a7bc8
C 337
R
P 0x7fe3942a7bc8
P 0x7fe3942a9018
C 422
= 0x7fe3944ff938
R
P 0x7fe3942a7bc8
C 337
R
P 0x7fe3942a7bc8
P 0x7fe3944ff938
C 446
R
P 0x7fe3942a7bc8
C 337
R
P 0x7fe3942a7bc8
P 0x7fe3944ff938
C 448
R
P 0x7fe3942a7bc8
C 337
R
P 0x7fe3942a7bc8
P 0x7fe3944ff938
U 0
C 449
= 0x7fe3942b02e0
R
P 0x7fe3942a7bc8
C 337
R
P 0x7fe3942a7bc8
P 0x7fe3942b02e0
C 9
R
P 0x7fe3942a7bc8
C 337
R
P 0x7fe3942a7bc8
P 0x7fe3942b02e0
C 255
R
P 0x7fe3942a7bc8
C 337
R
P 0x7fe3942a7bc8
P 0x7fe3942b02e0
C 252
= 0x7fe3942a97e8
R
P 0x7fe3942a7bc8
C 337
R
P 0x7fe3942a7bc8
P 0x7fe3942a97e8
C 207
R
P 0x7fe3942a7bc8
C 337
R
P 0x7fe3942a7bc8
P 0x7fe3942b02e0
C 258
R
P 0x7fe3942a7bc8
C 337
R
P 0x7fe3942a7bc8
P 0x7fe3942b02e0
C 257
R
P 0x7fe3942a7bc8
C 337
R
P 0x7fe3942a7bc8
P 0x7fe3942b02e0
C 256
R
P 0x7fe3942a7bc8
C 337
R
P 0x7fe3942a7bc8
P 0x7fe3942b02e0
C 9
R
P 0x7fe3942a7bc8
C 337
R
P 0x7fe3942a7bc8
P 0x7fe3944ff938
U 1
C 449
= 0x7fe3942b0350
R
P 0x7fe3942a7bc8
C 337
R
P 0x7fe3942a7bc8
P 0x7fe3942b0350
C 9
R
P 0x7fe3942a7bc8
C 337
R
P 0x7fe3942a7bc8
P 0x7fe3942b0350
C 255
R
P 0x7fe3942a7bc8
C 337
R
P 0x7fe3942a7bc8
P 0x7fe3942b0350
C 252
= 0x7fe3942a97e8
R
P 0x7fe3942a7bc8
C 337
R
P 0x7fe3942a7bc8
P 0x7fe3942a97e8
C 207
R
P 0x7fe3942a7bc8
C 337
R
P 0x7fe3942a7bc8
P 0x7fe3942b0350
C 258
R
P 0x7fe3942a7bc8
C 337
R
P 0x7fe3942a7bc8
P 0x7fe3942b0350
C 257
R
P 0x7fe3942a7bc8
C 337
R
P 0x7fe3942a7bc8
P 0x7fe3942b0350
C 256
R
P 0x7fe3942a7bc8
C 337
R
P 0x7fe3942a7bc8
P 0x7fe3942b0350
C 9
R
P 0x7fe3942a7bc8
C 337
R
P 0x7fe3942a7bc8
P 0x7fe3942b02e0
C 328
R
P 0x7fe3942a7bc8
C 337
R
P 0x7fe3942a7bc8
P 0x7fe3942b0350
C 328
R
P 0x7fe3942a7bc8
C 337
R
P 0x7fe3942a7bc8
P 0x7fe3942a9018
C 425
R
P 0x7fe3942a7bc8
C 337
R
P 0x7fe3942a7bc8
P 0x7fe3942a9018
C 429
= 0x7fe394403ea8
R
P 0x7fe3942a7bc8
C 337
R
P 0x7fe3942a7bc8
P 0x7fe394403ea8
C 296
R
P 0x7fe3942a7bc8
C 337
R
P 0x7fe3942a7bc8
P 0x7fe394403ea8
C 332
R
P 0x7fe3942a7bc8
C 337
R
P 0x7fe3942a7bc8
U 2
P 0x7fe3942aa1c8
P 0x7fe3942aa1e8
p 2
C 65
= 0x7fe3942b0430
R
P 0x7fe3942a7bc8
C 337
R
P 0x7fe3942a7bc8
P 0x7fe3942b0430
C 255
R
P 0x7fe3942a7bc8
C 337
R
P 0x7fe3942a7bc8
P 0x7fe3942b0430
C 252
= 0x7fe3942a98a8
R
P 0x7fe3942a7bc8
C 337
R
P 0x7fe3942a7bc8
P 0x7fe3942a98a8
C 207
R
P 0x7fe3942a7bc8
C 337
R
P 0x7fe3942a7bc8
P 0x7fe3942b0430
C 258
R
P 0x7fe3942a7bc8
C 337
R
P 0x7fe3942a7bc8
P 0x7fe3942b0430
C 257
R
P 0x7fe3942a7bc8
C 337
R
P 0x7fe3942a7bc8
P 0x7fe3942b0430
C 256
R
P 0x7fe3942a7bc8
C 337
R
P 0x7fe3942a7bc8
P 0x7fe3942b0430
C 9
R
P 0x7fe3942a7bc8
C 337
R
P 0x7fe3942a7bc8
P 0x7fe394403ea8
P 0x7fe3942b0430
I 0
P 0
C 298
* 0x7fe3942aa4c8 4
R
P 0x7fe3942a7bc8
C 337
R
P 0x7fe3942a7bc8
P 0x7fe3942aa4c8
C 255
R
P 0x7fe3942a7bc8
C 337
R
P 0x7fe3942a7bc8
P 0x7fe3942aa4c8
C 252
= 0x7fe3942a98a8
R
P 0x7fe3942a7bc8
C 337
R
P 0x7fe3942a7bc8
P 0x7fe3942a98a8
C 207
R
P 0x7fe3942a7bc8
C 337
R
P 0x7fe3942a7bc8
P 0x7fe3942aa4c8
C 258
R
P 0x7fe3942a7bc8
C 337
R
P 0x7fe3942a7bc8
P 0x7fe3942aa4c8
C 257
R
P 0x7fe3942a7bc8
C 337
R
P 0x7fe3942a7bc8
P 0x7fe3942aa4c8
C 256
R
P 0x7fe3942a7bc8
C 337
R
P 0x7fe3942a7bc8
P 0x7fe3942aa4c8
C 9
R
P 0x7fe3942a7bc8
C 337
R
P 0x7fe3942a7bc8
P 0x7fe3942aa4c8
C 261
R
P 0x7fe3942a7bc8
C 337
R
P 0
C 7
= 0x7fe3943fe2b8
R
P 0x7fe3943fe2b8
U 3
C 327
R
P 0x7fe3943fe2b8
C 337
R
P 0
C 7
= 0x7fe394396f98
R
P 0x7fe394396f98
U 3
C 327
R
P 0x7fe394396f98
C 337
R
P 0x7fe3943fe2b8
C 33
= 0x7fe394375de8
R
P 0x7fe3943fe2b8
C 337
R
P 0x7fe3943fe2b8
P 0x7fe394375de8
C 255
R
P 0x7fe3943fe2b8
C 337
R
P 0x7fe3943fe2b8
P 0x7fe394375de8
C 9
R
P 0x7fe3943fe2b8
C 337
R
P 0x7fe394396f98
C 33
= 0x7fe3943a1768
R
P 0x7fe394396f98
C 337
R
P 0x7fe394396f98
P 0x7fe3943a1768
C 255
R
P 0x7fe394396f98
C 337
R
P 0x7fe394396f98
P 0x7fe3943a1768
C 9
R
P 0x7fe394396f98
C 337
R
P 0x7fe3943fe2b8
S "e1"
C 30
R
P 0x7fe3943fe2b8
C 337
R
P 0x7fe3943fe2b8
$ |e1|
C 200
R
P 0x7fe3943fe2b8
C 337
R
P 0x7fe3943fe2b8
$ |e1|
P 0x7fe394375de8
C 51
= 0x7fe394376708
R
P 0x7fe3943fe2b8
C 337
R
P 0x7fe3943fe2b8
P 0x7fe394376708
C 255
R
P 0x7fe3943fe2b8
C 337
R
P 0x7fe3943fe2b8
P 0x7fe394376708
C 252
= 0x7fe394375de8
R
P 0x7fe3943fe2b8
C 337
R
P 0x7fe3943fe2b8
P 0x7fe394375de8
C 207
R
P 0x7fe3943fe2b8
C 337
R
P 0x7fe3943fe2b8
P 0x7fe394376708
C 258
R
P 0x7fe3943fe2b8
C 337
R
P 0x7fe3943fe2b8
P 0x7fe394376708
C 257
R
P 0x7fe3943fe2b8
C 337
R
P 0x7fe3943fe2b8
P 0x7fe394376708
C 256
R
P 0x7fe3943fe2b8
C 337
R
P 0x7fe3943fe2b8
P 0x7fe394376708
C 9
R
P 0x7fe3943fe2b8
C 337
R
P 0x7fe394396f98
S "e1"
C 30
R
P 0x7fe394396f98
C 337
R
P 0x7fe394396f98
$ |e1|
C 200
R
P 0x7fe394396f98
C 337
R
P 0x7fe394396f98
$ |e1|
P 0x7fe3943a1768
C 51
= 0x7fe3943a2088
R
P 0x7fe394396f98
C 337
R
P 0x7fe394396f98
P 0x7fe3943a2088
C 255
R
P 0x7fe394396f98
C 337
R
P 0x7fe394396f98
P 0x7fe3943a2088
C 252
= 0x7fe3943a1768
R
P 0x7fe394396f98
C 337
R
P 0x7fe394396f98
P 0x7fe3943a1768
C 207
R
P 0x7fe394396f98
C 337
R
P 0x7fe394396f98
P 0x7fe3943a2088
C 258
R
P 0x7fe394396f98
C 337
R
P 0x7fe394396f98
P 0x7fe3943a2088
C 257
R
P 0x7fe394396f98
C 337
R
P 0x7fe394396f98
P 0x7fe3943a2088
C 256
R
P 0x7fe394396f98
C 337
R
P 0x7fe394396f98
P 0x7fe3943a2088
C 9
R
P 0x7fe394396f98
C 337
R
P 0x7fe3943fe2b8
P 0x7fe394376708
P 0x7fe394396f98
C 294
= 0x7fe3943a2088
R
P 0x7fe3943fe2b8
C 337
R
P 0x7fe394396f98
P 0x7fe3943a2088
C 255
R
P 0x7fe394396f98
C 337
R
P 0x7fe394396f98
P 0x7fe3943a2088
C 252
= 0x7fe3943a1768
R
P 0x7fe394396f98
C 337
R
P 0x7fe394396f98
P 0x7fe3943a1768
C 207
R
P 0x7fe394396f98
C 337
R
P 0x7fe394396f98
P 0x7fe3943a2088
C 258
R
P 0x7fe394396f98
C 337
R
P 0x7fe394396f98
P 0x7fe3943a2088
C 257
R
P 0x7fe394396f98
C 337
R
P 0x7fe394396f98
P 0x7fe3943a2088
C 256
R
P 0x7fe394396f98
C 337
R
P 0x7fe394396f98
P 0x7fe3943a2088
C 9
R
P 0x7fe394396f98
C 337
R
P 0x7fe394396f98
C 337
